<testsuites>
<testsuite name='ALL TESTS_'>
<testsuites>
<testsuite name='ALL TESTS_'>
</testsuite>
</testsuites>
</testsuite>
</testsuites>
